 =======================================================================================================================
       _/     _/                _/     _/            _/     _/
      _/     _/            _/  _/|  _/_/            _/     _/  _/  _/        UniMoVib:          A unified interface for
     _/     _/   _/_/_/       _/ |_/ _/   _/_/_/   _/     _/      _/           molecular harmonic vibrational frequency
    _/     _/  _/    _/  _/  _/  _/ _/  _/    _/  _/     _/  _/  _/_/_/        calculations.
   _/     _/  _/    _/  _/  _/     _/  _/    _/  _/    _/   _/  _/   _/
  _/     _/  _/    _/  _/  _/     _/  _/    _/   _/  _/    _/  _/   _/       Ver. 1.0.0, MAY 02, 2017
   _/_/_/   _/    _/  _/  _/     _/   _/_/_/     _/_/     _/  _/_/_/         https://github.com/zorkzou/UniMoVib
 =======================================================================================================================


 QC Program:      Gaussian
 FCHK file:       xef6.fchk


 Cartesian coordinates (Angstrom)
 ------------------------------------------------------------------------------------------
   No.   Atom    ZA                 X             Y             Z                Mass
 ------------------------------------------------------------------------------------------
     1    Xe     54            0.00000000    0.00000000    0.00000000          131.90420000
     2    F       9            0.00000000    0.00000000    2.06666249           18.99840320
     3    F       9            0.00000000    2.06666249    0.00000000           18.99840320
     4    F       9            0.00000000    0.00000000   -2.06666249           18.99840320
     5    F       9            0.00000000   -2.06666249    0.00000000           18.99840320
     6    F       9           -2.06666249    0.00000000    0.00000000           18.99840320
     7    F       9            2.06666249    0.00000000    0.00000000           18.99840320
 ------------------------------------------------------------------------------------------


 <<< SYMMETRY >>>
 Molecular Point Group (Z)   :   Oh  
 Molecular Point Group (Z+M) :   Oh  


 ************************************
 ***  Properties of Normal Modes  ***
 ************************************

 Results of vibrations:
 Normal frequencies (cm**-1), reduced masses (AMU),
 force constants (mDyn/A), IR intensities (km/mol)

                                                   1                                 2                                 3
          Irreps                                 T1u                               T1u                               T1u
     Frequencies                            102.7028                          102.7028                          102.7028
  Reduced masses                             22.7338                           22.7338                           22.7338
 Force constants                              0.1413                            0.1413                            0.1413
  IR intensities                              6.9361                            6.9361                            6.9361
        Atom  ZA               X         Y         Z             X         Y         Z             X         Y         Z
           1  54        -0.00798  -0.02216   0.18036       0.00757  -0.18042  -0.02183       0.18156   0.00655   0.00884
           2   9         0.01984   0.05508   0.27066      -0.01883   0.44853  -0.03276      -0.45136  -0.01629   0.01326
           3   9         0.01984  -0.03325  -0.44838      -0.01883  -0.27075   0.05426      -0.45136   0.00983  -0.02197
           4   9         0.01984   0.05508   0.27066      -0.01883   0.44853  -0.03276      -0.45136  -0.01629   0.01326
           5   9         0.01984  -0.03325  -0.44838      -0.01883  -0.27075   0.05426      -0.45136   0.00983  -0.02197
           6   9        -0.01198   0.05508  -0.44838       0.01137   0.44853   0.05426       0.27246  -0.01629  -0.02197
           7   9        -0.01198   0.05508  -0.44838       0.01137   0.44853   0.05426       0.27246  -0.01629  -0.02197

                                                   4                                 5                                 6
          Irreps                                 T2u                               T2u                               T2u
     Frequencies                            107.5588                          107.5588                          107.5588
  Reduced masses                             18.9984                           18.9984                           18.9984
 Force constants                              0.1295                            0.1295                            0.1295
  IR intensities                              0.0000                            0.0000                            0.0000
        Atom  ZA               X         Y         Z             X         Y         Z             X         Y         Z
           1  54        -0.00000   0.00000  -0.00000      -0.00000   0.00000  -0.00000       0.00000   0.00000  -0.00000
           2   9        -0.47962   0.00002  -0.00000       0.14129   0.00000  -0.00000       0.00001   0.50000  -0.00000
           3   9         0.47962   0.00000   0.14129      -0.14129   0.00000   0.47962      -0.00001   0.00000  -0.00001
           4   9        -0.47962   0.00002  -0.00000       0.14129   0.00000  -0.00000       0.00001   0.50000  -0.00000
           5   9         0.47962   0.00000   0.14129      -0.14129   0.00000   0.47962      -0.00001   0.00000  -0.00001
           6   9        -0.00000  -0.00002  -0.14129      -0.00000  -0.00000  -0.47962       0.00000  -0.50000   0.00001
           7   9        -0.00000  -0.00002  -0.14129      -0.00000  -0.00000  -0.47962      -0.00000  -0.50000   0.00001

                                                   7                                 8                                 9
          Irreps                                 T2g                               T2g                               T2g
     Frequencies                            160.8106                          160.8106                          160.8106
  Reduced masses                             18.9984                           18.9984                           18.9984
 Force constants                              0.2895                            0.2895                            0.2895
  IR intensities                              0.0000                            0.0000                            0.0000
        Atom  ZA               X         Y         Z             X         Y         Z             X         Y         Z
           1  54        -0.00000  -0.00000   0.00000       0.00000  -0.00000  -0.00000       0.00000   0.00000  -0.00000
           2   9        -0.06885   0.41072   0.00000      -0.30819   0.18315  -0.00000      -0.38766  -0.21854   0.00000
           3   9         0.27671  -0.00000   0.41072      -0.34854  -0.00000   0.18315       0.22794   0.00000  -0.21854
           4   9         0.06885  -0.41072   0.00000       0.30819  -0.18315  -0.00000       0.38766   0.21854   0.00000
           5   9        -0.27671  -0.00000  -0.41072       0.34854  -0.00000  -0.18315      -0.22794   0.00000   0.21854
           6   9        -0.00000  -0.27671   0.06885       0.00000   0.34854   0.30819       0.00000  -0.22794   0.38766
           7   9        -0.00000   0.27671  -0.06885       0.00000  -0.34854  -0.30819       0.00000   0.22794  -0.38766

                                                  10                                11                                12
          Irreps                                  Eg                                Eg                               A1g
     Frequencies                            441.7848                          441.7848                          461.5552
  Reduced masses                             18.9984                           18.9984                           18.9984
 Force constants                              2.1847                            2.1847                            2.3846
  IR intensities                              0.0000                            0.0000                            0.0000
        Atom  ZA               X         Y         Z             X         Y         Z             X         Y         Z
           1  54         0.00000   0.00000  -0.00000       0.00000   0.00000   0.00000       0.00000  -0.00000   0.00000
           2   9        -0.00000  -0.00000  -0.38412      -0.00000  -0.00000   0.43103      -0.00000   0.00000  -0.40825
           3   9        -0.00000  -0.18122   0.00000      -0.00000  -0.54817  -0.00000      -0.00000  -0.40825   0.00000
           4   9        -0.00000  -0.00000   0.38412      -0.00000   0.00000  -0.43103      -0.00000   0.00000   0.40825
           5   9        -0.00000   0.18122  -0.00000      -0.00000   0.54817   0.00000      -0.00000   0.40825   0.00000
           6   9        -0.56534  -0.00000   0.00000      -0.11714  -0.00000   0.00000       0.40825   0.00000  -0.00000
           7   9         0.56534  -0.00000  -0.00000       0.11714  -0.00000   0.00000      -0.40825   0.00000   0.00000

                                                  13                                14                                15
          Irreps                                 T1u                               T1u                               T1u
     Frequencies                            544.4961                          544.4961                          544.4961
  Reduced masses                             24.7534                           24.7534                           24.7534
 Force constants                              4.3239                            4.3239                            4.3239
  IR intensities                            120.0306                          120.0306                          120.0306
        Atom  ZA               X         Y         Z             X         Y         Z             X         Y         Z
           1  54         0.15234   0.00247  -0.16661      -0.00259   0.22575   0.00098       0.16661   0.00125   0.15236
           2   9        -0.03321  -0.00054   0.50574       0.00056  -0.04921  -0.00298      -0.03632  -0.00027  -0.46248
           3   9        -0.03321  -0.00750   0.03632       0.00056  -0.68527  -0.00021      -0.03632  -0.00380  -0.03321
           4   9        -0.03321  -0.00054   0.50574       0.00056  -0.04921  -0.00298      -0.03632  -0.00027  -0.46248
           5   9        -0.03321  -0.00750   0.03632       0.00056  -0.68527  -0.00021      -0.03632  -0.00380  -0.03321
           6   9        -0.46243  -0.00054   0.03632       0.00786  -0.04921  -0.00021      -0.50574  -0.00027  -0.03321
           7   9        -0.46243  -0.00054   0.03632       0.00786  -0.04921  -0.00021      -0.50574  -0.00027  -0.03321

 Results of translations and rotations:

                                                   1                                 2                                 3
          Irreps                                 T1u                               T1u                               T1u
     Frequencies                              0.0123                            0.0113                            0.0043
  Reduced masses                             35.1278                           35.1278                           35.1278
 Force constants                              0.0000                            0.0000                            0.0000
  IR intensities                              0.0000                            0.0000                            0.0000
        Atom  ZA               X         Y         Z             X         Y         Z             X         Y         Z
           1  54         0.37796   0.00000   0.00000       0.00000   0.37796   0.00000       0.00000   0.00000   0.37796
           2   9         0.37796   0.00000   0.00000       0.00000   0.37796   0.00000       0.00000   0.00000   0.37796
           3   9         0.37796   0.00000   0.00000       0.00000   0.37796   0.00000       0.00000   0.00000   0.37796
           4   9         0.37796   0.00000   0.00000       0.00000   0.37796   0.00000       0.00000   0.00000   0.37796
           5   9         0.37796   0.00000   0.00000       0.00000   0.37796   0.00000       0.00000   0.00000   0.37796
           6   9         0.37796   0.00000   0.00000       0.00000   0.37796   0.00000       0.00000   0.00000   0.37796
           7   9         0.37796   0.00000   0.00000       0.00000   0.37796   0.00000       0.00000   0.00000   0.37796

                                                   4                                 5                                 6
          Irreps                                 T1g                               T1g                               T1g
     Frequencies                             16.2969                           16.2969                           16.2969
  Reduced masses                             18.9984                           18.9984                           18.9984
 Force constants                              0.0030                            0.0030                            0.0030
  IR intensities                              0.0000                            0.0000                            0.0000
        Atom  ZA               X         Y         Z             X         Y         Z             X         Y         Z
           1  54         0.00000   0.00000   0.00000       0.00000   0.00000   0.00000       0.00000   0.00000  -0.00000
           2   9         0.00000  -0.50000   0.00000       0.50000   0.00000   0.00000       0.00000   0.00000  -0.00000
           3   9         0.00000   0.00000   0.50000       0.00000   0.00000   0.00000      -0.50000   0.00000  -0.00000
           4   9         0.00000   0.50000   0.00000      -0.50000  -0.00000  -0.00000       0.00000   0.00000   0.00000
           5   9        -0.00000  -0.00000  -0.50000       0.00000   0.00000   0.00000       0.50000   0.00000   0.00000
           6   9         0.00000   0.00000   0.00000       0.00000   0.00000   0.50000      -0.00000  -0.50000   0.00000
           7   9         0.00000   0.00000   0.00000       0.00000   0.00000  -0.50000       0.00000   0.50000   0.00000


 *********************************************
 ***   Thermal Contributions to Energies   ***
 *********************************************

 Temperature               :       298.150000    Kelvin
 Pressure                  :         1.000000    Atm
 Molecular mass            :       245.894619    AMU
 Elec. total energy        :         0.000000    Hartree
 Scale factor of Frequency :         1.000000
 Rot. symmetry number      :        24
 The Oh   point group is used to calculate rotational entropy.

 Principal axes and moments of inertia in atomic units:
                                     1                   2                   3
     Eigenvalues --               1159.082330         1159.082330         1159.082330
           X                         1.000000            0.000000            0.000000
           Y                         0.000000            1.000000            0.000000
           Z                         0.000000            0.000000            1.000000

 Rotational temperatures             0.074726            0.074726            0.074726    Kelvin
 Rot. constants A, B, C              0.051937            0.051937            0.051937    cm**-1
                                     1.557043            1.557043            1.557043    GHz

 Thermal correction energies                              Hartree            kcal/mol
 Zero-point Energy                          :            0.009322            5.849563
 Thermal correction to Energy               :            0.019753           12.395422
 Thermal correction to Enthalpy             :            0.020698           12.987908
 Thermal correction to Gibbs Free Energy    :           -0.025274          -15.859379


 Job terminated correctly! Tue May 02 15:55:09 2017
