
 Primary working directories    : /tmp/zouwl/Molpro
 Secondary working directories  : /tmp/zouwl/Molpro
 Wavefunction directory         : /export/home/zouwl/Molpro/WFN/
 Main file repository           : /tmp/zouwl/Molpro/

 SHA1      : 8d3a41adb92b80e39ab26644dc94a939cd644703
 NAME      : 2015.1.16
 ARCHNAME  : linux/x86_64
 FC        : /opt/intel/composer_xe_2015.1.133/bin/intel64/ifort
 BLASLIB   : -Wl,-_start-group /opt/intel/mkl/lib/intel64/libmkl_intel_ilp64.a /opt/intel/mkl/lib/intel64/libmkl_intel_thread.a /opt/intel/mkl/lib/intel64/libmkl_core.a -Wl,-_end-group
 id        : sbbnwu

 Nodes     nprocs
 node23       1

 Using customized tuning parameters: mindgm=1; mindgv=20; mindgc=4; mindgr=1; noblas=0; minvec=7
 default implementation of scratch files=df  

 ***,test
 memory,300,m
 geometry={
 C
 H 1 B1
 H 1 B1 2 A2
 H 1 B1 2 A2 3  D3
 H 1 B1 2 A2 3 -D3
 }
 
 
 B1   =        1.0 angstrom
 A2   =      109.47122063
 D3   =      120.0
 
 basis=vdz
 
 {rks,b3lyp3;}
 
 {optg;active,B1}
 
 {frequencies,auto,print=1;print,hessian}

 Variables initialized (889), CPU time= 0.00 sec
 Commands  initialized (702), CPU time= 0.01 sec, 572 directives.
 Default parameters read. Elapsed time= 0.15 sec

 Checking input...
 Passed
1


                                         ***  PROGRAM SYSTEM MOLPRO  ***
                                       Copyright, TTI GmbH Stuttgart, 2015
                                    Version 2015.1 linked Feb  1 2017 15:13:54


 **********************************************************************************************************************************
 LABEL *   test                                                                          
  64 bit serial version                                                                  DATE: 02-May-17          TIME: 18:44:55  
 **********************************************************************************************************************************

 SHA1:             8d3a41adb92b80e39ab26644dc94a939cd644703
 **********************************************************************************************************************************
 SETTING B1             =         1.00000000  ANGSTROM                        
 SETTING A2             =       109.47122063                                  
 SETTING D3             =       120.00000000                                  

 Variable memory set to  300000000 words,  buffer space   230000 words

 SETTING BASIS          =    VDZ


 Recomputing integrals since basis changed


 Using spherical harmonics

 Library entry C      S cc-pVDZ              selected for orbital group  1
 Library entry C      P cc-pVDZ              selected for orbital group  1
 Library entry C      D cc-pVDZ              selected for orbital group  1
 Library entry H      S cc-pVDZ              selected for orbital group  2
 Library entry H      P cc-pVDZ              selected for orbital group  2


 PROGRAM * SEWARD (Integral evaluation for generally contracted gaussian basis sets)     Author: Roland Lindh, 1990

 Geometry written to block  1 of record 700

 Orientation using atomic masses  
 Molecule type: Spherical top,     Neighbour degeneracy = 4
 Symmetry elements: X,Y
 Rotational constants:     188.0242117    188.0242117    188.0242116 GHz  (calculated with average atomic masses)

 Point group  C2v 



 ATOMIC COORDINATES

 NR  ATOM    CHARGE       X              Y              Z

   1  C       6.00    0.000000000    0.000000000   -0.000000000
   2  H       1.00    1.542954920    0.000000000    1.091033887
   3  H       1.00   -1.542954920    0.000000000    1.091033887
   4  H       1.00    0.000000000    1.542954920   -1.091033887
   5  H       1.00    0.000000000   -1.542954920   -1.091033887

 Bond lengths in Bohr (Angstrom)

 1-2  1.889726125  1-3  1.889726125  1-4  1.889726125  1-5  1.889726125
     ( 1.000000000)     ( 1.000000000)     ( 1.000000000)     ( 1.000000000)

 Bond angles

  2-1-3  109.47122063   2-1-4  109.47122063   2-1-5  109.47122063   3-1-4  109.47122063

  3-1-5  109.47122063   4-1-5  109.47122064

 NUCLEAR CHARGE:                   10
 NUMBER OF PRIMITIVE AOS:          55
 NUMBER OF SYMMETRY AOS:           54
 NUMBER OF CONTRACTIONS:           34   (  15A1  +   8B1  +   8B2  +   3A2  )
 NUMBER OF CORE ORBITALS:           1   (   1A1  +   0B1  +   0B2  +   0A2  )
 NUMBER OF VALENCE ORBITALS:        8   (   4A1  +   2B1  +   2B2  +   0A2  )


 NUCLEAR REPULSION ENERGY   14.64457429


 Eigenvalues of metric

         1 0.102E-01 0.273E-01 0.303E-01 0.484E-01 0.124E+00 0.130E+00 0.206E+00 0.345E+00
         2 0.273E-01 0.484E-01 0.130E+00 0.345E+00 0.860E+00 0.103E+01 0.152E+01 0.297E+01
         3 0.273E-01 0.484E-01 0.130E+00 0.345E+00 0.860E+00 0.103E+01 0.152E+01 0.297E+01
         4 0.206E+00 0.860E+00 0.187E+01


 Contracted 2-electron integrals neglected if value below      1.0D-11
 AO integral compression algorithm  1   Integral accuracy      1.0D-11

     0.524 MB (compressed) written to integral file ( 93.1%)


 NUMBER OF SORTED TWO-ELECTRON INTEGRALS:      50517.     BUFFER LENGTH:  32768
 NUMBER OF SEGMENTS:   1  SEGMENT LENGTH:      50517      RECORD LENGTH: 524288

 Memory used in sort:       0.61 MW

 SORT1 READ       67297. AND WROTE       48779. INTEGRALS IN      1 RECORDS. CPU TIME:     0.00 SEC, REAL TIME:     0.01 SEC
 SORT2 READ       48779. AND WROTE       50517. INTEGRALS IN      2 RECORDS. CPU TIME:     0.01 SEC, REAL TIME:     0.01 SEC

 FILE SIZES:   FILE 1:    19.7 MBYTE,  FILE 4:     4.2 MBYTE,   TOTAL:     23.9 MBYTE

 OPERATOR DM      FOR CENTER  0  COORDINATES:    0.000000    0.000000    0.000000


 **********************************************************************************************************************************
 DATASETS  * FILE   NREC   LENGTH (MB)   RECORD NAMES
              1      19       19.41       500      610      700      900      950      970     1000      129      960     1100   
                                          VAR    BASINP    GEOM    SYMINP    ZMAT    AOBASIS   BASIS     P2S    ABASIS      S 
                                         1400     1410     1200     1210     1080     1600     1650     1300     1700   
                                           T        V       H0       H01     AOSYM     SMH    MOLCAS    ERIS     OPER   

 PROGRAMS   *        TOTAL       INT
 CPU TIMES  *         0.19      0.10
 REAL TIME  *         1.41 SEC
 DISK USED  *        24.19 MB      
 **********************************************************************************************************************************

 Density functional group B3LYP3=B88+DIRAC+LYP+VWN3
 Functional: B88(Automatically generated (new) B88)                            Gradient terms: 1
 Functional: DIRAC(Automatically generated (new) DIRAC)                        Gradient terms: 0
 Functional: LYP(Automatically generated (new) LYP)                            Gradient terms: 1
 Functional: VWN3(Automatically generated (new) VWN3)                          Gradient terms: 0
 Use grid at  1800.2
 

 Exact exchange will be calculated, factor:  0.2000

 Functional: B88                       Factor:  0.7200
 Functional: DIRAC                     Factor:  0.0800
 Functional: LYP                       Factor:  0.8100
 Functional: VWN3                      Factor:  0.1900
 
 Generated new metagrid on record  1800.2 with target accuracy 1.0D-06 and 4761 points in CPU time    0.1
 Computed new grid on record 1800.1 in CPU time    0.1
   30782 words reserved for DFT integration

 PROGRAM * RKS-SCF (Restricted closed shell Kohn-Sham)     Authors: W. Meyer, H.-J. Werner, P.J. Knowles, 1993

 NUMBER OF ELECTRONS:       5+    5-
 CONVERGENCE THRESHOLDS:    1.00E-06 (Density)    1.00E-06 (Energy)
 MAX. NUMBER OF ITERATIONS:       60
 INTERPOLATION TYPE:            DIIS
 INTERPOLATION STEPS:              2 (START)      1 (STEP)
 LEVEL SHIFTS:                  0.00 (CLOSED)  0.00 (OPEN) 



 Use fine grid record 1800.2 for energy threshold  1.0D-06
 Orbital guess generated from atomic densities. Full valence occupancy:    5   2   2   0

 Molecular orbital dump at record        2100.2

 Initial occupancy:   3   1   1   0

 ITERATION    DDIFF          GRAD             ENERGY        2-EL.EN.            DIPOLE MOMENTS         DIIS   ORB.
    1      0.000D+00      0.000D+00       -40.39045092     69.014591    0.00000    0.00000   -0.00000    0    start
    2      0.000D+00      0.428D-01       -40.38242444     61.307761    0.00000    0.00000   -0.00000    1    diag
    3      0.137D+00      0.438D-01       -40.48609953     65.213003    0.00000    0.00000   -0.00000    2    diag
    4      0.662D-01      0.494D-03       -40.48611679     65.162178    0.00000    0.00000   -0.00000    3    diag
    5      0.155D-02      0.996D-04       -40.48611728     65.170265    0.00000    0.00000   -0.00000    4    diag
    6      0.193D-03      0.348D-05       -40.48611728     65.170475    0.00000    0.00000   -0.00000    5    diag
    7      0.856D-05      0.138D-06       -40.48611728     65.170487    0.00000    0.00000   -0.00000    6    diag
    8      0.223D-06      0.187D-08       -40.48611728     65.170487    0.00000    0.00000   -0.00000    0    orth

 Final occupancy:   3   1   1   0

 !RKS STATE 1.1 Energy                -40.486117277521
 Nuclear energy                        14.64457429
 One-electron energy                  -82.01680322
 Two-electron energy                   32.58524343
 SCF exchange energy                   -6.72737019     Factor= 0.2000
 Density functional                    -5.69913178     B88=-6.70045329 DIRAC=-6.01594162 LYP=-0.30019242 VWN3=-0.79144328
 Virial quotient                       -0.99589494
 !RKS STATE 1.1 Dipole moment           0.00000000     0.00000000    -0.00000000
 Dipole moment /Debye                   0.00000000     0.00000000    -0.00000000

 Orbital energies:

         1.1          2.1          3.1          4.1          5.1
    -10.133965    -0.723053    -0.405680     0.087692     0.163411

         1.2          2.2          3.2
     -0.405680     0.163402     0.410166

         1.3          2.3          3.3
     -0.405680     0.163402     0.410166

         1.4          2.4
      0.914733     1.498128

 HOMO      3.1    -0.405680 =     -11.0391eV
 LUMO      4.1     0.087692 =       2.3862eV
 LUMO-HOMO         0.493372 =      13.4253eV


 **********************************************************************************************************************************
 DATASETS  * FILE   NREC   LENGTH (MB)   RECORD NAMES
              1      20       19.56       500      610      700      900      950      970     1000      129      960     1100   
                                          VAR    BASINP    GEOM    SYMINP    ZMAT    AOBASIS   BASIS     P2S    ABASIS      S 
                                         1400     1410     1200     1210     1080     1600     1650     1300     1700     1800   
                                           T        V       H0       H01     AOSYM     SMH    MOLCAS    ERIS     OPER     GRID   

              2       5        2.79       700     1000      520     1800     2100   
                                         GEOM     BASIS   MCVARS    GRID      RKS  

 PROGRAMS   *        TOTAL       RKS       INT
 CPU TIMES  *         0.43      0.24      0.10
 REAL TIME  *         5.34 SEC
 DISK USED  *        24.19 MB      
 **********************************************************************************************************************************


 PROGRAM * OPT (Geometry optimization)     Authors: F. Eckert and H.-J. Werner


 BFGS update of hessian

 *** Long output written to logfile /export/home/zouwl/Molpro/work/01.log ***


 Geometry optimization using default procedure for command RKS-SCF

 Inactive variables:    A2 D3

 Active variables:      B1

 Geometry written to block  1 of record 700

 Making model hessian for Z-matrix coordinates

 Entering Rational Function Geometry Optimization

 ITER.   ENERGY(OLD)    ENERGY(NEW)      DE          GRADMAX     GRADNORM    GRADRMS     STEPMAX     STEPLEN     STEPRMS   CPU-time
   1   -40.48611728   -40.51441928    -0.02830200  0.35203231  0.35203231  0.35203231  0.13758349  0.13758349  0.13758349      0.70
   2   -40.51441928   -40.51623679    -0.00181751  0.07734331  0.07734331  0.07734331  0.03868099  0.03868099  0.03868099      1.49
   3   -40.51623679   -40.51634756    -0.00011077  0.01788978  0.01788978  0.01788978  0.01163767  0.01163767  0.01163767      2.26
 Freezing grid
   4   -40.51634756   -40.51634812    -0.00000057  0.00129022  0.00129022  0.00129022  0.00090455  0.00090455  0.00090455      3.03
   5   -40.51634812   -40.51634812     0.00000000  0.00002403  0.00002403  0.00002403  0.00001716  0.00001716  0.00001716      3.71

 END OF GEOMETRY OPTIMIZATION.

 Optimized variables
 B1=                  1.09992128 ANGSTROM

 **********************************************************************************************************************************

 Current geometry (xyz format, in Angstrom)

    5
 RKS-SCF000/VDZ  ENERGY=-40.51634812
 C          0.0000000000        0.0000000000       -0.0000000000
 H          0.8980819645        0.0000000000        0.6350398472
 H         -0.8980819645        0.0000000000        0.6350398472
 H          0.0000000000        0.8980819645       -0.6350398471
 H          0.0000000000       -0.8980819645       -0.6350398471

 **********************************************************************************************************************************

 Geometry written to block  1 of record 700


 **********************************************************************************************************************************
 DATASETS  * FILE   NREC   LENGTH (MB)   RECORD NAMES
              1      20       19.55       500      610      700      900      950      970     1000      129      960     1100   
                                          VAR    BASINP    GEOM    SYMINP    ZMAT    AOBASIS   BASIS     P2S    ABASIS      S 
                                         1400     1410     1200     1210     1080     1600     1650     1300     1700     1800   
                                           T        V       H0       H01     AOSYM     SMH    MOLCAS    ERIS     OPER     GRID   

              2       5        2.79       700     1000      520     1800     2100   
                                         GEOM     BASIS   MCVARS    GRID      RKS  

 PROGRAMS   *        TOTAL      OPTG       RKS       INT
 CPU TIMES  *         4.14      3.70      0.24      0.10
 REAL TIME  *        23.09 SEC
 DISK USED  *        26.71 MB      
 **********************************************************************************************************************************


 PROGRAM * HESSIAN

 Computing numerical hessian using default procedure for command RKS-SCF

 Symmetry elements for unique displacements: X  Y  

 Using AUTO symmetry option

 Running default procedure: RKS-SCF000
 

 Recomputing wavefunction at reference geometry

 Numerically approximating hessian using central gradient differences

 Task list generated. Total number of displacements:     14

    5 tasks completed, CPU=5s Elapsed=28s
   10 tasks completed, CPU=10s Elapsed=45s

 Numerical RKS-SCF000 hessian completed. CPU-time:    14.31 sec, Elapsed:    60.41 sec

 RKS-SCF hessian saved to record  5300.2

 PROGRAM * FREQUENCIES (Calculation of harmonuc vibrational spectra for RKS-SCF)


 Permanent Dipole Moment [debye]
   1-  3    0.000000    0.000000    0.000000

 Dipole Moment Norm    0.0000000 [debye]

 Dipole Moment Derivatives [debye/ang]
                   1             2             3             4             5             6             7             8
         1     0.0080837     0.0000000    -0.0000000    -0.3152645     0.0000000    -0.4432364    -0.3152645     0.0000000
         2     0.0000000     0.0080833     0.0000000    -0.0000000     0.3112109    -0.0000000     0.0000000     0.3112109
         3     0.0000000     0.0000000     0.0085180    -0.4429796     0.0000000    -0.0021324     0.4429796     0.0000000
                   9            10            11            12            13            14            15
         1     0.4432364     0.3112109    -0.0000000     0.0000000     0.3112109     0.0000000     0.0000000
         2    -0.0000000     0.0000000    -0.3152644     0.4432364     0.0000000    -0.3152644    -0.4432364
         3    -0.0021324     0.0000000     0.4429795    -0.0021324     0.0000000    -0.4429795    -0.0021324

 Projecting out rotations and translations

 Force Constants (Second Derivatives of the Energy) in [a.u.]
                             CX1         CY1         CZ1         HX2         HY2     
           CX1           0.5418736
           CY1           0.0000000   0.5418739
           CZ1           0.0000000   0.0000000   0.5418017
           HX2          -0.2277912   0.0000000  -0.1305773   0.2441974
           HY2           0.0000000  -0.0431457   0.0000000  -0.0000000   0.0428871
           HZ2          -0.1305641   0.0000000  -0.1354504   0.1423564  -0.0000000
           HX3          -0.2277912  -0.0000000   0.1305773  -0.0184921  -0.0000000
           HY3           0.0000000  -0.0431457   0.0000000   0.0000000  -0.0018272
           HZ3           0.1305641   0.0000000  -0.1354504  -0.0157665  -0.0000000
           HX4          -0.0431456  -0.0000000  -0.0000000   0.0010429   0.0223572
           HY4          -0.0000000  -0.2277912   0.1305773   0.0000482   0.0010429
           HZ4           0.0000000   0.1305641  -0.1354504   0.0019937   0.0137794
           HX5          -0.0431456  -0.0000000   0.0000000   0.0010429  -0.0223572
           HY5           0.0000000  -0.2277912  -0.1305773  -0.0000482   0.0010429
           HZ5           0.0000000  -0.1305641  -0.1354504   0.0019937  -0.0137794
                             HZ2         HX3         HY3         HZ3         HX4     
           HZ2           0.1435330
           HX3           0.0157665   0.2441974
           HY3          -0.0000000   0.0000000   0.0428871
           HZ3           0.0122363  -0.1423564   0.0000000   0.1435330
           HX4          -0.0137794   0.0010429  -0.0223572   0.0137794   0.0428871
           HY4          -0.0019937  -0.0000482   0.0010429  -0.0019937   0.0000000
           HZ4          -0.0101595  -0.0019937   0.0137794  -0.0101595   0.0000000
           HX5          -0.0137794   0.0010429   0.0223572   0.0137794  -0.0018273
           HY5           0.0019937   0.0000482   0.0010429   0.0019937   0.0000000
           HZ5          -0.0101595  -0.0019937  -0.0137794  -0.0101595  -0.0000000
                             HY4         HZ4         HX5         HY5         HZ5     
           HY4           0.2441974
           HZ4          -0.1423564   0.1435330
           HX5           0.0000000  -0.0000000   0.0428871
           HY5          -0.0184920  -0.0157665  -0.0000000   0.2441974
           HZ5           0.0157665   0.0122363   0.0000000   0.1423564   0.1435330


 Atomic Masses
   1-  5   12.011000    1.007940    1.007940    1.007940    1.007940

 Mass weighted Second Derivative Matrix
                             CX1         CY1         CZ1         HX2         HY2     
           CX1           0.0451148
           CY1           0.0000000   0.0451148
           CZ1           0.0000000   0.0000000   0.0451088
           HX2          -0.0654681   0.0000000  -0.0375285   0.2422737
           HY2           0.0000000  -0.0124003   0.0000000  -0.0000000   0.0425493
           HZ2          -0.0375247   0.0000000  -0.0389290   0.1412350  -0.0000000
           HX3          -0.0654681  -0.0000000   0.0375285  -0.0183464  -0.0000000
           HY3           0.0000000  -0.0124003   0.0000000   0.0000000  -0.0018128
           HZ3           0.0375247   0.0000000  -0.0389290  -0.0156423  -0.0000000
           HX4          -0.0124002  -0.0000000  -0.0000000   0.0010347   0.0221810
           HY4          -0.0000000  -0.0654682   0.0375285   0.0000478   0.0010347
           HZ4           0.0000000   0.0375247  -0.0389290   0.0019780   0.0136708
           HX5          -0.0124002  -0.0000000   0.0000000   0.0010347  -0.0221810
           HY5           0.0000000  -0.0654682  -0.0375285  -0.0000478   0.0010347
           HZ5           0.0000000  -0.0375247  -0.0389290   0.0019780  -0.0136708
                             HZ2         HX3         HY3         HZ3         HX4     
           HZ2           0.1424024
           HX3           0.0156423   0.2422737
           HY3          -0.0000000   0.0000000   0.0425493
           HZ3           0.0121399  -0.1412350   0.0000000   0.1424024
           HX4          -0.0136708   0.0010347  -0.0221810   0.0136708   0.0425492
           HY4          -0.0019780  -0.0000478   0.0010347  -0.0019780   0.0000000
           HZ4          -0.0100794  -0.0019780   0.0136708  -0.0100794   0.0000000
           HX5          -0.0136708   0.0010347   0.0221810   0.0136708  -0.0018129
           HY5           0.0019780   0.0000478   0.0010347   0.0019780   0.0000000
           HZ5          -0.0100794  -0.0019780  -0.0136708  -0.0100794  -0.0000000
                             HY4         HZ4         HX5         HY5         HZ5     
           HY4           0.2422738
           HZ4          -0.1412350   0.1424024
           HX5           0.0000000  -0.0000000   0.0425492
           HY5          -0.0183464  -0.0156423  -0.0000000   0.2422738
           HZ5           0.0156423   0.0121399   0.0000000   0.1412350   0.1424024


 Mass Weighted 2nd Derivative Matrix Eigenvalues
   1- 10   -0.000000   -0.000000   -0.000000    0.000000    0.000000    0.000000    0.064902    0.064932    0.064932    0.088692
  11- 15    0.088724    0.346724    0.375109    0.375109    0.375115

 Mass Weighted 2nd Derivative Matrix Eigenvectors
                   1             2             3             4             5             6             7             8
         1     0.8108285     0.0352497    -0.2624079    -0.0383516    -0.0347350     0.1358894    -0.0000000    -0.3980884
         2    -0.2243974     0.6082169    -0.5355861     0.1078243    -0.0232205     0.1714260     0.0000000    -0.0000000
         3     0.1244867     0.4134763     0.5829586     0.2478618     0.1311454     0.3791461     0.3980956    -0.0000000
         4     0.1701721    -0.1213840    -0.1183837    -0.1035567    -0.0466859     0.3423704     0.3038883     0.1286634
         5    -0.0771670    -0.0235055    -0.3003169     0.4109049     0.4015190     0.1052168    -0.0000000     0.0000000
         6     0.1275810     0.3058822     0.2287920     0.2025417     0.0897846    -0.3186805    -0.3435577    -0.3038977
         7     0.1701721    -0.1213840    -0.1183837    -0.1035567    -0.0466859     0.3423704    -0.3038883     0.1286634
         8    -0.0584417     0.3444193    -0.0949723    -0.4816202     0.2733352     0.0099157    -0.0000000     0.0000000
         9    -0.0554569    -0.0663255     0.1089580    -0.0589374    -0.0138026     0.5383473    -0.3435577     0.3038977
        10     0.3089621     0.3257691     0.0690240    -0.3649256    -0.0375305    -0.3112904     0.0000000     0.5584396
        11    -0.0622053     0.1919271    -0.1126592     0.0978281    -0.3508804     0.0417533    -0.3038883     0.0000000
        12     0.0400212     0.1420311     0.2289688     0.1659787    -0.4487159     0.0986519    -0.3435577     0.0000000
        13     0.2902368    -0.0421557    -0.1363205     0.5275994     0.0906532    -0.2159893     0.0000000     0.5584396
        14    -0.0622053     0.1919271    -0.1126592     0.0978281    -0.3508804     0.0417533     0.3038883     0.0000000
        15     0.0321029     0.0975256     0.1087813    -0.0223744     0.5246979     0.1210148    -0.3435577    -0.0000000
                   9            10            11            12            13            14            15
         1     0.0000000     0.0000000     0.0000000    -0.0000000    -0.3046949    -0.0000000    -0.0000000
         2    -0.3980884    -0.0000000     0.0000000    -0.0000000     0.0000000    -0.3046949     0.0000000
         3     0.0000000     0.0000000    -0.0000000    -0.0000000     0.0000000    -0.0000000    -0.3046855
         4    -0.0000000    -0.2886718    -0.0000000     0.4082506     0.5437071     0.0000000     0.3970540
         5     0.5584396    -0.0000000     0.5000000     0.0000000    -0.0000000    -0.0178019     0.0000000
         6     0.0000000     0.4082506     0.0000000     0.2886718     0.3970469     0.0000000     0.2629445
         7    -0.0000000     0.2886718     0.0000000    -0.4082506     0.5437071    -0.0000000    -0.3970540
         8     0.5584396     0.0000000    -0.5000000    -0.0000000    -0.0000000    -0.0178019     0.0000000
         9    -0.0000000     0.4082506     0.0000000     0.2886718    -0.3970469     0.0000000     0.2629445
        10    -0.0000000    -0.0000000     0.5000000     0.0000000    -0.0178020    -0.0000000    -0.0000000
        11     0.1286633    -0.2886718    -0.0000000     0.4082506    -0.0000000     0.5437071    -0.3970540
        12     0.3038977    -0.4082506    -0.0000000    -0.2886718     0.0000000    -0.3970468     0.2629445
        13    -0.0000000     0.0000000    -0.5000000    -0.0000000    -0.0178020    -0.0000000    -0.0000000
        14     0.1286633     0.2886718     0.0000000    -0.4082506    -0.0000000     0.5437071     0.3970540
        15    -0.3038977    -0.4082506    -0.0000000    -0.2886718    -0.0000000     0.3970468     0.2629445

   Low Vibration      Wavenumber
        Nr             [1/cm] 
        1                0.00
        2                0.00
        3                0.00
        4                0.00
        5                0.00
        6                0.00

     Vibration        Wavenumber
        Nr             [1/cm] 
        1             1309.57
        2             1309.87
        3             1309.88
        4             1530.89
        5             1531.16
        6             3026.87
        7             3148.33
        8             3148.33
        9             3148.35

 FREQUENCIES * CALCULATION OF NORMAL MODES FOR RKS-SCF


 Atomic Coordinates

  Nr  Atom  Charge       X              Y              Z

   1   C     6.00    0.000000000    0.000000000   -0.000000000
   2   H     1.00    1.697128950    0.000000000    1.200051389
   3   H     1.00   -1.697128950    0.000000000    1.200051389
   4   H     1.00    0.000000000    1.697128950   -1.200051389
   5   H     1.00    0.000000000   -1.697128950   -1.200051389

 Frequencies dumped to record   5400.2

 Gradient norm at reference geometry: 0.45405D-04

 Normal Modes

                              1 Err       2 Err       3 Err       4 Err       5 Err
 Wavenumbers [cm-1]         1309.57     1309.87     1309.88     1530.89     1531.16
 Intensities [km/mol]         11.98       12.00       12.00        0.00        0.00
 Intensities [relative]       57.23       57.31       57.31        0.00        0.00
           CX1             -0.00000    -0.11487     0.00000     0.00000     0.00000
           CY1              0.00000    -0.00000    -0.11487    -0.00000     0.00000
           CZ1              0.11487    -0.00000     0.00000     0.00000    -0.00000
           HX2              0.30269     0.12816    -0.00000    -0.28753    -0.00000
           HY2             -0.00000     0.00000     0.55624    -0.00000     0.49803
           HZ2             -0.34220    -0.30270     0.00000     0.40664     0.00000
           HX3             -0.30269     0.12816    -0.00000     0.28753     0.00000
           HY3             -0.00000     0.00000     0.55624     0.00000    -0.49803
           HZ3             -0.34220     0.30270    -0.00000     0.40664     0.00000
           HX4              0.00000     0.55624    -0.00000    -0.00000     0.49803
           HY4             -0.30269     0.00000     0.12816    -0.28753    -0.00000
           HZ4             -0.34220     0.00000     0.30270    -0.40664    -0.00000
           HX5              0.00000     0.55624    -0.00000     0.00000    -0.49803
           HY5              0.30269     0.00000     0.12816     0.28753     0.00000
           HZ5             -0.34220    -0.00000    -0.30270    -0.40664    -0.00000

                              6 Err       7 Err       8 Err       9 Err
 Wavenumbers [cm-1]         3026.87     3148.33     3148.33     3148.35
 Intensities [km/mol]          0.00       20.93       20.93       20.93
 Intensities [relative]        0.00      100.00      100.00       99.99
           CX1             -0.00000    -0.08792    -0.00000    -0.00000
           CY1             -0.00000     0.00000    -0.08792     0.00000
           CZ1             -0.00000     0.00000    -0.00000    -0.08791
           HX2              0.40664     0.54156     0.00000     0.39549
           HY2              0.00000    -0.00000    -0.01773     0.00000
           HZ2              0.28753     0.39548     0.00000     0.26191
           HX3             -0.40664     0.54156    -0.00000    -0.39549
           HY3             -0.00000    -0.00000    -0.01773     0.00000
           HZ3              0.28753    -0.39548     0.00000     0.26191
           HX4              0.00000    -0.01773    -0.00000    -0.00000
           HY4              0.40664    -0.00000     0.54156    -0.39549
           HZ4             -0.28753     0.00000    -0.39548     0.26191
           HX5             -0.00000    -0.01773    -0.00000    -0.00000
           HY5             -0.40664    -0.00000     0.54156     0.39549
           HZ5             -0.28753    -0.00000     0.39548     0.26191


 Normal Modes of low/zero frequencies

                                  1           2           3           4           5
 Wavenumbers [cm-1]            0.00        0.00        0.00        0.00        0.00
 Intensities [km/mol]          0.00        0.00        0.00        0.00        0.00
 Intensities [relative]        0.00        0.00        0.00        0.00        0.00
           CX1              0.23396     0.01017    -0.07572    -0.01107    -0.01002
           CY1             -0.06475     0.17550    -0.15454     0.03111    -0.00670
           CZ1              0.03592     0.11931     0.16821     0.07152     0.03784
           HX2              0.16950    -0.12090    -0.11792    -0.10315    -0.04650
           HY2             -0.07686    -0.02341    -0.29913     0.40928     0.39993
           HZ2              0.12708     0.30468     0.22789     0.20174     0.08943
           HX3              0.16950    -0.12090    -0.11792    -0.10315    -0.04650
           HY3             -0.05821     0.34306    -0.09460    -0.47972     0.27226
           HZ3             -0.05524    -0.06606     0.10853    -0.05870    -0.01375
           HX4              0.30774     0.32448     0.06875    -0.36349    -0.03738
           HY4             -0.06196     0.19117    -0.11221     0.09744    -0.34950
           HZ4              0.03986     0.14147     0.22807     0.16532    -0.44695
           HX5              0.28909    -0.04199    -0.13578     0.52552     0.09030
           HY5             -0.06196     0.19117    -0.11221     0.09744    -0.34950
           HZ5              0.03198     0.09714     0.10835    -0.02229     0.52263

                                  6
 Wavenumbers [cm-1]            0.00
 Intensities [km/mol]          0.00
 Intensities [relative]        0.00
           CX1              0.03921
           CY1              0.04946
           CZ1              0.10940
           HX2              0.34102
           HY2              0.10480
           HZ2             -0.31742
           HX3              0.34102
           HY3              0.00988
           HZ3              0.53622
           HX4             -0.31006
           HY4              0.04159
           HZ4              0.09826
           HX5             -0.21514
           HY5              0.04159
           HZ5              0.12054


 Zero point energy:  0.04434055 [H]     9731.63 [1/CM]      116.42 [KJ/MOL]

 Recomputing wavefunction at initial geometry


 **********************************************************************************************************************************
 DATASETS  * FILE   NREC   LENGTH (MB)   RECORD NAMES
              1      20       19.92       500      610      700      900      950      970     1000      129      960     1100   
                                          VAR    BASINP    GEOM    SYMINP    ZMAT    AOBASIS   BASIS     P2S    ABASIS      S 
                                         1400     1410     1200     1210     1080     1600     1650     1300     1700     1800   
                                           T        V       H0       H01     AOSYM     SMH    MOLCAS    ERIS     OPER     GRID   

              2      10        3.07       700     1000      520     1800     2100      701     1800(1)  5300     5400     5450   
                                         GEOM     BASIS   MCVARS    GRID      RKS     GEOM     GRID     HESS     FREQ     NMOD   

 PROGRAMS   *        TOTAL      FREQ      OPTG       RKS       INT
 CPU TIMES  *        18.37     14.22      3.70      0.24      0.10
 REAL TIME  *        85.78 SEC
 DISK USED  *        28.30 MB      
 **********************************************************************************************************************************

 RB3LYP3/cc-pVDZ energy=    -40.516348121595

       OPTG(RKS)        RKS-SCF 
    -40.51634812    -40.48611728
 **********************************************************************************************************************************
 Molpro calculation terminated
 Variable memory released
